<area shape="rect" id="node3" href="$Symbol_8h.html" title="Define a symbol of a attribute grammar." alt="" coords="407,83,556,111">
<area shape="rect" id="node11" href="$grammar_8cpp.html" title="Archivo que contiene la función main()." alt="" coords="789,393,960,421">
<area shape="rect" id="node31" href="$Attribute_8cpp.html" title="Implement Attribute.h &#45; The attribute of a symbol of a attribute grammar." alt="" coords="953,83,1121,111">
<area shape="rect" id="node5" href="$Rule_8h.html" title="Define a rule of a attribute grammar." alt="" coords="292,238,423,266">
<area shape="rect" id="node15" href="$NonTerminalSymbol_8h.html" title="Define a non&#45;terminal symbol of a attribute grammar." alt="" coords="12,161,233,189">
<area shape="rect" id="node20" href="$Equation_8h.html" title="Define equation of the Attribute Grammar." alt="" coords="495,161,652,189">
<area shape="rect" id="node25" href="$Symbol_8cpp.html" title="Implement Symbol.h &#45; The symbol of a attribute grammar." alt="" coords="308,161,471,189">
<area shape="rect" id="node27" href="$TerminalSymbol_8h.html" title="Define a terminal symbol of a attribute grammar." alt="" coords="676,161,876,189">
<area shape="rect" id="node7" href="$AttrGrammar_8h.html" title="Define a attribute grammar." alt="" coords="537,315,716,343">
<area shape="rect" id="node13" href="$Rule_8cpp.html" title="Implement Rule.h &#45; The rule of a attribute grammar." alt="" coords="284,315,431,343">
<area shape="rect" id="node9" href="$AttrGrammar_8cpp.html" title="Implement AttrGrammar.h." alt="" coords="529,393,724,421">
<area shape="rect" id="node18" href="$NonTerminalSymbol_8cpp.html" title="Implement NonTerminalSymbol.h &#45; The non&#45;terminal symbol of a attribute grammar." alt="" coords="5,238,240,266">
<area shape="rect" id="node23" href="$Equation_8cpp.html" title="Implement Equation.h." alt="" coords="471,238,641,266">
<area shape="rect" id="node29" href="$TerminalSymbol_8cpp.html" title="Implement TerminalSymbol.h &#45; The terminal symbol of a attribute grammar." alt="" coords="665,238,879,266">
