<area shape="rect" id="node3" href="$Equation_8h.html" title="Define equation of the Attribute Grammar." alt="" coords="307,83,464,111">
<area shape="rect" id="node17" href="$MultiTree_8cpp.html" title="Implement the methods MultiTree.h." alt="" coords="488,83,661,111">
<area shape="rect" id="node5" href="$Rule_8h.html" title="Define a rule of a attribute grammar." alt="" coords="233,161,364,189">
<area shape="rect" id="node15" href="$Equation_8cpp.html" title="Implement Equation.h." alt="" coords="388,161,559,189">
<area shape="rect" id="node7" href="$AttrGrammar_8h.html" title="Define a attribute grammar." alt="" coords="116,238,295,266">
<area shape="rect" id="node13" href="$Rule_8cpp.html" title="Implement Rule.h &#45; The rule of a attribute grammar." alt="" coords="319,238,465,266">
<area shape="rect" id="node9" href="$AttrGrammar_8cpp.html" title="Implement AttrGrammar.h." alt="" coords="5,315,200,343">
<area shape="rect" id="node11" href="$grammar_8cpp.html" title="Archivo que contiene la función main()." alt="" coords="224,315,395,343">
