<area shape="rect" id="node3" href="$Rule_8h.html" title="Define a rule of a attribute grammar." alt="" coords="264,161,395,189">
<area shape="rect" id="node13" href="$NonTerminalSymbol_8h.html" title="Define a non&#45;terminal symbol of a attribute grammar." alt="" coords="71,83,292,111">
<area shape="rect" id="node18" href="$Equation_8h.html" title="Define equation of the Attribute Grammar." alt="" coords="367,83,524,111">
<area shape="rect" id="node23" href="$Symbol_8cpp.html" title="Implement Symbol.h &#45; The symbol of a attribute grammar." alt="" coords="548,83,711,111">
<area shape="rect" id="node25" href="$TerminalSymbol_8h.html" title="Define a terminal symbol of a attribute grammar." alt="" coords="735,83,935,111">
<area shape="rect" id="node5" href="$AttrGrammar_8h.html" title="Define a attribute grammar." alt="" coords="147,238,325,266">
<area shape="rect" id="node11" href="$Rule_8cpp.html" title="Implement Rule.h &#45; The rule of a attribute grammar." alt="" coords="349,238,496,266">
<area shape="rect" id="node7" href="$AttrGrammar_8cpp.html" title="Implement AttrGrammar.h." alt="" coords="36,315,231,343">
<area shape="rect" id="node9" href="$grammar_8cpp.html" title="Archivo que contiene la función main()." alt="" coords="255,315,425,343">
<area shape="rect" id="node16" href="$NonTerminalSymbol_8cpp.html" title="Implement NonTerminalSymbol.h &#45; The non&#45;terminal symbol of a attribute grammar." alt="" coords="5,161,240,189">
<area shape="rect" id="node21" href="$Equation_8cpp.html" title="Implement Equation.h." alt="" coords="419,161,589,189">
<area shape="rect" id="node27" href="$TerminalSymbol_8cpp.html" title="Implement TerminalSymbol.h &#45; The terminal symbol of a attribute grammar." alt="" coords="728,161,941,189">
